Archive member included to satisfy reference by file (symbol)

/usr/lib/gcc/arm-none-eabi/8.3.1/../../../arm-none-eabi/lib/libc.a(lib_a-atexit.o)
                              /usr/lib/gcc/arm-none-eabi/8.3.1/../../../arm-none-eabi/lib/crt0.o (atexit)
/usr/lib/gcc/arm-none-eabi/8.3.1/../../../arm-none-eabi/lib/libc.a(lib_a-exit.o)
                              /usr/lib/gcc/arm-none-eabi/8.3.1/../../../arm-none-eabi/lib/crt0.o (exit)
/usr/lib/gcc/arm-none-eabi/8.3.1/../../../arm-none-eabi/lib/libc.a(lib_a-fini.o)
                              /usr/lib/gcc/arm-none-eabi/8.3.1/../../../arm-none-eabi/lib/crt0.o (__libc_fini_array)
/usr/lib/gcc/arm-none-eabi/8.3.1/../../../arm-none-eabi/lib/libc.a(lib_a-impure.o)
                              /usr/lib/gcc/arm-none-eabi/8.3.1/../../../arm-none-eabi/lib/libc.a(lib_a-exit.o) (_global_impure_ptr)
/usr/lib/gcc/arm-none-eabi/8.3.1/../../../arm-none-eabi/lib/libc.a(lib_a-init.o)
                              /usr/lib/gcc/arm-none-eabi/8.3.1/../../../arm-none-eabi/lib/crt0.o (__libc_init_array)
/usr/lib/gcc/arm-none-eabi/8.3.1/../../../arm-none-eabi/lib/libc.a(lib_a-malloc.o)
                              /tmp/ccgZiUUY.o (malloc)
/usr/lib/gcc/arm-none-eabi/8.3.1/../../../arm-none-eabi/lib/libc.a(lib_a-mallocr.o)
                              /usr/lib/gcc/arm-none-eabi/8.3.1/../../../arm-none-eabi/lib/libc.a(lib_a-malloc.o) (_malloc_r)
/usr/lib/gcc/arm-none-eabi/8.3.1/../../../arm-none-eabi/lib/libc.a(lib_a-memset.o)
                              /usr/lib/gcc/arm-none-eabi/8.3.1/../../../arm-none-eabi/lib/crt0.o (memset)
/usr/lib/gcc/arm-none-eabi/8.3.1/../../../arm-none-eabi/lib/libc.a(lib_a-mlock.o)
                              /usr/lib/gcc/arm-none-eabi/8.3.1/../../../arm-none-eabi/lib/libc.a(lib_a-mallocr.o) (__malloc_lock)
/usr/lib/gcc/arm-none-eabi/8.3.1/../../../arm-none-eabi/lib/libc.a(lib_a-sbrkr.o)
                              /usr/lib/gcc/arm-none-eabi/8.3.1/../../../arm-none-eabi/lib/libc.a(lib_a-mallocr.o) (_sbrk_r)
/usr/lib/gcc/arm-none-eabi/8.3.1/../../../arm-none-eabi/lib/libc.a(lib_a-__atexit.o)
                              /usr/lib/gcc/arm-none-eabi/8.3.1/../../../arm-none-eabi/lib/libc.a(lib_a-atexit.o) (__register_exitproc)
/usr/lib/gcc/arm-none-eabi/8.3.1/../../../arm-none-eabi/lib/libc.a(lib_a-__call_atexit.o)
                              /usr/lib/gcc/arm-none-eabi/8.3.1/../../../arm-none-eabi/lib/libc.a(lib_a-exit.o) (__call_exitprocs)
/usr/lib/gcc/arm-none-eabi/8.3.1/../../../arm-none-eabi/lib/libc.a(lib_a-freer.o)
                              /usr/lib/gcc/arm-none-eabi/8.3.1/../../../arm-none-eabi/lib/libc.a(lib_a-malloc.o) (_free_r)
/usr/lib/gcc/arm-none-eabi/8.3.1/../../../arm-none-eabi/lib/libc.a(lib_a-reent.o)
                              /usr/lib/gcc/arm-none-eabi/8.3.1/../../../arm-none-eabi/lib/libc.a(lib_a-sbrkr.o) (errno)
/usr/lib/gcc/arm-none-eabi/8.3.1/../../../arm-none-eabi/lib/libnosys.a(sbrk.o)
                              /usr/lib/gcc/arm-none-eabi/8.3.1/../../../arm-none-eabi/lib/libc.a(lib_a-sbrkr.o) (_sbrk)
/usr/lib/gcc/arm-none-eabi/8.3.1/../../../arm-none-eabi/lib/libnosys.a(_exit.o)
                              /usr/lib/gcc/arm-none-eabi/8.3.1/../../../arm-none-eabi/lib/libc.a(lib_a-exit.o) (_exit)

Allocating common symbols
Common symbol       size              file

errno               0x4               /usr/lib/gcc/arm-none-eabi/8.3.1/../../../arm-none-eabi/lib/libc.a(lib_a-reent.o)

Memory Configuration

Name             Origin             Length             Attributes
MAIN_FLASH       0x0000000000000000 0x0000000000040000 xr
INFO_FLASH       0x0000000000200000 0x0000000000004000 xr
SRAM_CODE        0x0000000001000000 0x0000000000010000 xrw
SRAM_DATA        0x0000000020000000 0x0000000000010000 rw
*default*        0x0000000000000000 0xffffffffffffffff

Linker script and memory map

LOAD /usr/lib/gcc/arm-none-eabi/8.3.1/crti.o
LOAD /usr/lib/gcc/arm-none-eabi/8.3.1/crtbegin.o
LOAD /usr/lib/gcc/arm-none-eabi/8.3.1/../../../arm-none-eabi/lib/crt0.o
LOAD /tmp/ccgZiUUY.o
LOAD /tmp/ccFmRqMW.o
                0x0000000000000000                PROVIDE (_intvecs_base_address = DEFINED (_intvecs_base_address)?_intvecs_base_address:0x0)

.intvecs
 *(.intvecs)
                0x0000000000200000                PROVIDE (_mailbox_base_address = 0x200000)

.flashMailbox
 *(.flashMailbox)
                0x0000000000201000                PROVIDE (_tlv_base_address = 0x201000)

.tlvTable
 *(.tlvTable)
                0x0000000000202000                PROVIDE (_bsl_base_address = 0x202000)

.bslArea
 *(.bslArea)
                0x0000000020000000                PROVIDE (_vtable_base_address = DEFINED (_vtable_base_address)?_vtable_base_address:0x20000000)

.vtable
 *(.vtable)

.text           0x0000000000000000     0x1514
 CREATE_OBJECT_SYMBOLS
 *(.text)
 .text          0x0000000000000000        0x0 /usr/lib/gcc/arm-none-eabi/8.3.1/crti.o
 .text          0x0000000000000000       0xdc /usr/lib/gcc/arm-none-eabi/8.3.1/crtbegin.o
 .text          0x00000000000000dc      0x128 /usr/lib/gcc/arm-none-eabi/8.3.1/../../../arm-none-eabi/lib/crt0.o
                0x00000000000000dc                _stack_init
                0x0000000000000164                _mainCRTStartup
                0x0000000000000164                _start
 .text          0x0000000000000204       0x9c /tmp/ccgZiUUY.o
                0x0000000000000204                main
 .text          0x00000000000002a0       0xd0 /tmp/ccFmRqMW.o
                0x00000000000002a0                func
 .text          0x0000000000000370       0x20 /usr/lib/gcc/arm-none-eabi/8.3.1/../../../arm-none-eabi/lib/libc.a(lib_a-atexit.o)
                0x0000000000000370                atexit
 .text          0x0000000000000390       0x34 /usr/lib/gcc/arm-none-eabi/8.3.1/../../../arm-none-eabi/lib/libc.a(lib_a-exit.o)
                0x0000000000000390                exit
 .text          0x00000000000003c4       0x48 /usr/lib/gcc/arm-none-eabi/8.3.1/../../../arm-none-eabi/lib/libc.a(lib_a-fini.o)
                0x00000000000003c4                __libc_fini_array
 .text          0x000000000000040c        0x0 /usr/lib/gcc/arm-none-eabi/8.3.1/../../../arm-none-eabi/lib/libc.a(lib_a-impure.o)
 .text          0x000000000000040c       0x88 /usr/lib/gcc/arm-none-eabi/8.3.1/../../../arm-none-eabi/lib/libc.a(lib_a-init.o)
                0x000000000000040c                __libc_init_array
 .text          0x0000000000000494       0x40 /usr/lib/gcc/arm-none-eabi/8.3.1/../../../arm-none-eabi/lib/libc.a(lib_a-malloc.o)
                0x0000000000000494                malloc
                0x00000000000004b4                free
 .text          0x00000000000004d4      0x7b4 /usr/lib/gcc/arm-none-eabi/8.3.1/../../../arm-none-eabi/lib/libc.a(lib_a-mallocr.o)
                0x00000000000004d4                _malloc_r
 .text          0x0000000000000c88      0x118 /usr/lib/gcc/arm-none-eabi/8.3.1/../../../arm-none-eabi/lib/libc.a(lib_a-memset.o)
                0x0000000000000c88                memset
 .text          0x0000000000000da0        0x8 /usr/lib/gcc/arm-none-eabi/8.3.1/../../../arm-none-eabi/lib/libc.a(lib_a-mlock.o)
                0x0000000000000da0                __malloc_lock
                0x0000000000000da4                __malloc_unlock
 .text          0x0000000000000da8       0x44 /usr/lib/gcc/arm-none-eabi/8.3.1/../../../arm-none-eabi/lib/libc.a(lib_a-sbrkr.o)
                0x0000000000000da8                _sbrk_r
 .text          0x0000000000000dec       0x8c /usr/lib/gcc/arm-none-eabi/8.3.1/../../../arm-none-eabi/lib/libc.a(lib_a-__atexit.o)
                0x0000000000000dec                __register_exitproc
 .text          0x0000000000000e78      0x10c /usr/lib/gcc/arm-none-eabi/8.3.1/../../../arm-none-eabi/lib/libc.a(lib_a-__call_atexit.o)
                0x0000000000000e78                __call_exitprocs
 .text          0x0000000000000f84      0x3e0 /usr/lib/gcc/arm-none-eabi/8.3.1/../../../arm-none-eabi/lib/libc.a(lib_a-freer.o)
                0x0000000000000f84                _malloc_trim_r
                0x0000000000001084                _free_r
 .text          0x0000000000001364      0x11c /usr/lib/gcc/arm-none-eabi/8.3.1/../../../arm-none-eabi/lib/libc.a(lib_a-reent.o)
                0x0000000000001364                cleanup_glue
                0x0000000000001390                _reclaim_reent
 .text          0x0000000000001480       0x2c /usr/lib/gcc/arm-none-eabi/8.3.1/../../../arm-none-eabi/lib/libnosys.a(sbrk.o)
                0x0000000000001480                _sbrk
 .text          0x00000000000014ac        0x4 /usr/lib/gcc/arm-none-eabi/8.3.1/../../../arm-none-eabi/lib/libnosys.a(_exit.o)
                0x00000000000014ac                _exit
 .text          0x00000000000014b0        0x0 /usr/lib/gcc/arm-none-eabi/8.3.1/crtend.o
 .text          0x00000000000014b0        0x0 /usr/lib/gcc/arm-none-eabi/8.3.1/crtn.o
 *(.text.*)
 .text.startup  0x00000000000014b0       0x28 /usr/lib/gcc/arm-none-eabi/8.3.1/../../../arm-none-eabi/lib/libc.a(lib_a-__call_atexit.o)
                0x00000000000014d8                . = ALIGN (0x4)
 *(.ctors)
                0x00000000000014d8                . = ALIGN (0x4)
 *(.dtors)
                0x00000000000014d8                . = ALIGN (0x4)
                0x00000000000014d8                __init_array_start = .
 *(.init_array*)
 .init_array    0x00000000000014d8        0x4 /usr/lib/gcc/arm-none-eabi/8.3.1/crtbegin.o
 .init_array.00000
                0x00000000000014dc        0x4 /usr/lib/gcc/arm-none-eabi/8.3.1/../../../arm-none-eabi/lib/libc.a(lib_a-__call_atexit.o)
                0x00000000000014e0                __init_array_end = .
 *(.init)
 .init          0x00000000000014e0        0xc /usr/lib/gcc/arm-none-eabi/8.3.1/crti.o
                0x00000000000014e0                _init
 .init          0x00000000000014ec        0xc /usr/lib/gcc/arm-none-eabi/8.3.1/crtn.o
 *(.fini*)
 .fini          0x00000000000014f8        0xc /usr/lib/gcc/arm-none-eabi/8.3.1/crti.o
                0x00000000000014f8                _fini
 .fini_array    0x0000000000001504        0x4 /usr/lib/gcc/arm-none-eabi/8.3.1/crtbegin.o
 .fini          0x0000000000001508        0xc /usr/lib/gcc/arm-none-eabi/8.3.1/crtn.o

.glue_7         0x0000000000001514        0x0
 .glue_7        0x0000000000001514        0x0 linker stubs

.glue_7t        0x0000000000001514        0x0
 .glue_7t       0x0000000000001514        0x0 linker stubs

.vfp11_veneer   0x0000000000001514        0x0
 .vfp11_veneer  0x0000000000001514        0x0 linker stubs

.v4_bx          0x0000000000001514        0x0
 .v4_bx         0x0000000000001514        0x0 linker stubs

.iplt           0x0000000000001514        0x0
 .iplt          0x0000000000001514        0x0 /usr/lib/gcc/arm-none-eabi/8.3.1/crtbegin.o

.rodata         0x0000000000001514       0x18
 *(.rodata)
 .rodata        0x0000000000001514        0x4 /tmp/ccgZiUUY.o
                0x0000000000001514                g2
 .rodata        0x0000000000001518        0xe /tmp/ccFmRqMW.o
 *fill*         0x0000000000001526        0x2 
 .rodata        0x0000000000001528        0x4 /usr/lib/gcc/arm-none-eabi/8.3.1/../../../arm-none-eabi/lib/libc.a(lib_a-impure.o)
                0x0000000000001528                _global_impure_ptr
 *(.rodata.*)

.eh_frame       0x000000000000152c        0x4
 .eh_frame      0x000000000000152c        0x0 /usr/lib/gcc/arm-none-eabi/8.3.1/crtbegin.o
 .eh_frame      0x000000000000152c        0x4 /usr/lib/gcc/arm-none-eabi/8.3.1/crtend.o

.ARM.exidx      0x0000000000001530        0x8
                0x0000000000001530                __exidx_start = .
 *(.ARM.exidx* .gnu.linkonce.armexidx.*)
 .ARM.exidx     0x0000000000001530        0x8 /usr/lib/gcc/arm-none-eabi/8.3.1/../../../arm-none-eabi/lib/crt0.o
                                         0x10 (size before relaxing)
                0x0000000000001538                __exidx_end = .

.ARM.extab      0x0000000000001538        0x0
 *(.ARM.extab* .gnu.linkonce.armextab.*)
 .ARM.extab     0x0000000000001538        0x0 /usr/lib/gcc/arm-none-eabi/8.3.1/../../../arm-none-eabi/lib/crt0.o
                0x0000000000001538                __etext = .

.rel.dyn        0x0000000000001538        0x0
 .rel.iplt      0x0000000000001538        0x0 /usr/lib/gcc/arm-none-eabi/8.3.1/crtbegin.o

.data           0x0000000020000000      0x870 load address 0x0000000000001538
                0x0000000000001538                __data_load__ = LOADADDR (.data)
                0x0000000020000000                __data_start__ = .
 *(.data)
 .data          0x0000000020000000        0x0 /usr/lib/gcc/arm-none-eabi/8.3.1/crti.o
 .data          0x0000000020000000        0x4 /usr/lib/gcc/arm-none-eabi/8.3.1/crtbegin.o
                0x0000000020000000                __dso_handle
 .data          0x0000000020000004        0x0 /usr/lib/gcc/arm-none-eabi/8.3.1/../../../arm-none-eabi/lib/crt0.o
 .data          0x0000000020000004        0x1 /tmp/ccgZiUUY.o
                0x0000000020000004                g3
 *fill*         0x0000000020000005        0x3 
 .data          0x0000000020000008       0x28 /tmp/ccFmRqMW.o
                0x0000000020000008                g5
 .data          0x0000000020000030        0x0 /usr/lib/gcc/arm-none-eabi/8.3.1/../../../arm-none-eabi/lib/libc.a(lib_a-atexit.o)
 .data          0x0000000020000030        0x0 /usr/lib/gcc/arm-none-eabi/8.3.1/../../../arm-none-eabi/lib/libc.a(lib_a-exit.o)
 .data          0x0000000020000030        0x0 /usr/lib/gcc/arm-none-eabi/8.3.1/../../../arm-none-eabi/lib/libc.a(lib_a-fini.o)
 .data          0x0000000020000030      0x430 /usr/lib/gcc/arm-none-eabi/8.3.1/../../../arm-none-eabi/lib/libc.a(lib_a-impure.o)
                0x0000000020000030                _impure_ptr
 .data          0x0000000020000460        0x0 /usr/lib/gcc/arm-none-eabi/8.3.1/../../../arm-none-eabi/lib/libc.a(lib_a-init.o)
 .data          0x0000000020000460        0x0 /usr/lib/gcc/arm-none-eabi/8.3.1/../../../arm-none-eabi/lib/libc.a(lib_a-malloc.o)
 .data          0x0000000020000460      0x410 /usr/lib/gcc/arm-none-eabi/8.3.1/../../../arm-none-eabi/lib/libc.a(lib_a-mallocr.o)
                0x0000000020000460                __malloc_av_
                0x0000000020000868                __malloc_sbrk_base
                0x000000002000086c                __malloc_trim_threshold
 .data          0x0000000020000870        0x0 /usr/lib/gcc/arm-none-eabi/8.3.1/../../../arm-none-eabi/lib/libc.a(lib_a-memset.o)
 .data          0x0000000020000870        0x0 /usr/lib/gcc/arm-none-eabi/8.3.1/../../../arm-none-eabi/lib/libc.a(lib_a-mlock.o)
 .data          0x0000000020000870        0x0 /usr/lib/gcc/arm-none-eabi/8.3.1/../../../arm-none-eabi/lib/libc.a(lib_a-sbrkr.o)
 .data          0x0000000020000870        0x0 /usr/lib/gcc/arm-none-eabi/8.3.1/../../../arm-none-eabi/lib/libc.a(lib_a-__atexit.o)
 .data          0x0000000020000870        0x0 /usr/lib/gcc/arm-none-eabi/8.3.1/../../../arm-none-eabi/lib/libc.a(lib_a-__call_atexit.o)
 .data          0x0000000020000870        0x0 /usr/lib/gcc/arm-none-eabi/8.3.1/../../../arm-none-eabi/lib/libc.a(lib_a-freer.o)
 .data          0x0000000020000870        0x0 /usr/lib/gcc/arm-none-eabi/8.3.1/../../../arm-none-eabi/lib/libc.a(lib_a-reent.o)
 .data          0x0000000020000870        0x0 /usr/lib/gcc/arm-none-eabi/8.3.1/../../../arm-none-eabi/lib/libnosys.a(sbrk.o)
 .data          0x0000000020000870        0x0 /usr/lib/gcc/arm-none-eabi/8.3.1/../../../arm-none-eabi/lib/libnosys.a(_exit.o)
 .data          0x0000000020000870        0x0 /usr/lib/gcc/arm-none-eabi/8.3.1/crtend.o
 .data          0x0000000020000870        0x0 /usr/lib/gcc/arm-none-eabi/8.3.1/crtn.o
 *(.data*)
                0x0000000020000870                . = ALIGN (0x4)
                0x0000000020000870                __data_end__ = .

.tm_clone_table
                0x0000000020000870        0x0 load address 0x0000000000001da8
 .tm_clone_table
                0x0000000020000870        0x0 /usr/lib/gcc/arm-none-eabi/8.3.1/crtbegin.o
 .tm_clone_table
                0x0000000020000870        0x0 /usr/lib/gcc/arm-none-eabi/8.3.1/crtend.o

.igot.plt       0x0000000020000870        0x0 load address 0x0000000000001da8
 .igot.plt      0x0000000020000870        0x0 /usr/lib/gcc/arm-none-eabi/8.3.1/crtbegin.o

.bss            0x0000000020000870       0x64
                0x0000000020000870                __bss_start__ = .
 *(.shbss)
 *(.bss)
 .bss           0x0000000020000870        0x0 /usr/lib/gcc/arm-none-eabi/8.3.1/crti.o
 .bss           0x0000000020000870       0x1c /usr/lib/gcc/arm-none-eabi/8.3.1/crtbegin.o
 .bss           0x000000002000088c        0x0 /usr/lib/gcc/arm-none-eabi/8.3.1/../../../arm-none-eabi/lib/crt0.o
 .bss           0x000000002000088c        0x5 /tmp/ccgZiUUY.o
                0x0000000020000890                g4
 *fill*         0x0000000020000891        0x3 
 .bss           0x0000000020000894        0x4 /tmp/ccFmRqMW.o
 .bss           0x0000000020000898        0x0 /usr/lib/gcc/arm-none-eabi/8.3.1/../../../arm-none-eabi/lib/libc.a(lib_a-atexit.o)
 .bss           0x0000000020000898        0x0 /usr/lib/gcc/arm-none-eabi/8.3.1/../../../arm-none-eabi/lib/libc.a(lib_a-exit.o)
 .bss           0x0000000020000898        0x0 /usr/lib/gcc/arm-none-eabi/8.3.1/../../../arm-none-eabi/lib/libc.a(lib_a-fini.o)
 .bss           0x0000000020000898        0x0 /usr/lib/gcc/arm-none-eabi/8.3.1/../../../arm-none-eabi/lib/libc.a(lib_a-impure.o)
 .bss           0x0000000020000898        0x0 /usr/lib/gcc/arm-none-eabi/8.3.1/../../../arm-none-eabi/lib/libc.a(lib_a-init.o)
 .bss           0x0000000020000898        0x0 /usr/lib/gcc/arm-none-eabi/8.3.1/../../../arm-none-eabi/lib/libc.a(lib_a-malloc.o)
 .bss           0x0000000020000898       0x34 /usr/lib/gcc/arm-none-eabi/8.3.1/../../../arm-none-eabi/lib/libc.a(lib_a-mallocr.o)
                0x0000000020000898                __malloc_top_pad
                0x000000002000089c                __malloc_current_mallinfo
                0x00000000200008c4                __malloc_max_sbrked_mem
                0x00000000200008c8                __malloc_max_total_mem
 .bss           0x00000000200008cc        0x0 /usr/lib/gcc/arm-none-eabi/8.3.1/../../../arm-none-eabi/lib/libc.a(lib_a-memset.o)
 .bss           0x00000000200008cc        0x0 /usr/lib/gcc/arm-none-eabi/8.3.1/../../../arm-none-eabi/lib/libc.a(lib_a-mlock.o)
 .bss           0x00000000200008cc        0x0 /usr/lib/gcc/arm-none-eabi/8.3.1/../../../arm-none-eabi/lib/libc.a(lib_a-sbrkr.o)
 .bss           0x00000000200008cc        0x0 /usr/lib/gcc/arm-none-eabi/8.3.1/../../../arm-none-eabi/lib/libc.a(lib_a-__atexit.o)
 .bss           0x00000000200008cc        0x0 /usr/lib/gcc/arm-none-eabi/8.3.1/../../../arm-none-eabi/lib/libc.a(lib_a-__call_atexit.o)
 .bss           0x00000000200008cc        0x0 /usr/lib/gcc/arm-none-eabi/8.3.1/../../../arm-none-eabi/lib/libc.a(lib_a-freer.o)
 .bss           0x00000000200008cc        0x0 /usr/lib/gcc/arm-none-eabi/8.3.1/../../../arm-none-eabi/lib/libc.a(lib_a-reent.o)
 .bss           0x00000000200008cc        0x4 /usr/lib/gcc/arm-none-eabi/8.3.1/../../../arm-none-eabi/lib/libnosys.a(sbrk.o)
 .bss           0x00000000200008d0        0x0 /usr/lib/gcc/arm-none-eabi/8.3.1/../../../arm-none-eabi/lib/libnosys.a(_exit.o)
 .bss           0x00000000200008d0        0x0 /usr/lib/gcc/arm-none-eabi/8.3.1/crtend.o
 .bss           0x00000000200008d0        0x0 /usr/lib/gcc/arm-none-eabi/8.3.1/crtn.o
 *(.bss.*)
 *(COMMON)
 COMMON         0x00000000200008d0        0x4 /usr/lib/gcc/arm-none-eabi/8.3.1/../../../arm-none-eabi/lib/libc.a(lib_a-reent.o)
                0x00000000200008d0                errno
                0x00000000200008d4                . = ALIGN (0x4)
                0x00000000200008d4                __bss_end__ = .

.heap           0x00000000200008d4        0x0
                0x00000000200008d4                __heap_start__ = .
                0x00000000200008d4                end = __heap_start__
                0x00000000200008d4                _end = end
                0x00000000200008d4                __end = end
 *(.heap)
                0x00000000200008d4                __heap_end__ = .
                0x00000000200008d4                __HeapLimit = __heap_end__

.stack          0x00000000200008d8        0x0
                0x00000000200008d8                _stack = .
                0x00000000200008d8                __stack = .
 *(.stack)
START GROUP
LOAD /usr/lib/gcc/arm-none-eabi/8.3.1/libgcc.a
LOAD /usr/lib/gcc/arm-none-eabi/8.3.1/../../../arm-none-eabi/lib/libc.a
END GROUP
START GROUP
LOAD /usr/lib/gcc/arm-none-eabi/8.3.1/libgcc.a
LOAD /usr/lib/gcc/arm-none-eabi/8.3.1/../../../arm-none-eabi/lib/libc.a
LOAD /usr/lib/gcc/arm-none-eabi/8.3.1/../../../arm-none-eabi/lib/libnosys.a
END GROUP
LOAD /usr/lib/gcc/arm-none-eabi/8.3.1/crtend.o
LOAD /usr/lib/gcc/arm-none-eabi/8.3.1/crtn.o
OUTPUT(main.out elf32-littlearm)
LOAD linker stubs

.ARM.attributes
                0x0000000000000000       0x26
 .ARM.attributes
                0x0000000000000000       0x1c /usr/lib/gcc/arm-none-eabi/8.3.1/crti.o
 .ARM.attributes
                0x000000000000001c       0x2a /usr/lib/gcc/arm-none-eabi/8.3.1/crtbegin.o
 .ARM.attributes
                0x0000000000000046       0x1a /usr/lib/gcc/arm-none-eabi/8.3.1/../../../arm-none-eabi/lib/crt0.o
 .ARM.attributes
                0x0000000000000060       0x2a /tmp/ccgZiUUY.o
 .ARM.attributes
                0x000000000000008a       0x2a /tmp/ccFmRqMW.o
 .ARM.attributes
                0x00000000000000b4       0x2a /usr/lib/gcc/arm-none-eabi/8.3.1/../../../arm-none-eabi/lib/libc.a(lib_a-atexit.o)
 .ARM.attributes
                0x00000000000000de       0x2a /usr/lib/gcc/arm-none-eabi/8.3.1/../../../arm-none-eabi/lib/libc.a(lib_a-exit.o)
 .ARM.attributes
                0x0000000000000108       0x2a /usr/lib/gcc/arm-none-eabi/8.3.1/../../../arm-none-eabi/lib/libc.a(lib_a-fini.o)
 .ARM.attributes
                0x0000000000000132       0x30 /usr/lib/gcc/arm-none-eabi/8.3.1/../../../arm-none-eabi/lib/libc.a(lib_a-impure.o)
 .ARM.attributes
                0x0000000000000162       0x2a /usr/lib/gcc/arm-none-eabi/8.3.1/../../../arm-none-eabi/lib/libc.a(lib_a-init.o)
 .ARM.attributes
                0x000000000000018c       0x2a /usr/lib/gcc/arm-none-eabi/8.3.1/../../../arm-none-eabi/lib/libc.a(lib_a-malloc.o)
 .ARM.attributes
                0x00000000000001b6       0x2a /usr/lib/gcc/arm-none-eabi/8.3.1/../../../arm-none-eabi/lib/libc.a(lib_a-mallocr.o)
 .ARM.attributes
                0x00000000000001e0       0x2a /usr/lib/gcc/arm-none-eabi/8.3.1/../../../arm-none-eabi/lib/libc.a(lib_a-memset.o)
 .ARM.attributes
                0x000000000000020a       0x2a /usr/lib/gcc/arm-none-eabi/8.3.1/../../../arm-none-eabi/lib/libc.a(lib_a-mlock.o)
 .ARM.attributes
                0x0000000000000234       0x2a /usr/lib/gcc/arm-none-eabi/8.3.1/../../../arm-none-eabi/lib/libc.a(lib_a-sbrkr.o)
 .ARM.attributes
                0x000000000000025e       0x2a /usr/lib/gcc/arm-none-eabi/8.3.1/../../../arm-none-eabi/lib/libc.a(lib_a-__atexit.o)
 .ARM.attributes
                0x0000000000000288       0x2a /usr/lib/gcc/arm-none-eabi/8.3.1/../../../arm-none-eabi/lib/libc.a(lib_a-__call_atexit.o)
 .ARM.attributes
                0x00000000000002b2       0x2a /usr/lib/gcc/arm-none-eabi/8.3.1/../../../arm-none-eabi/lib/libc.a(lib_a-freer.o)
 .ARM.attributes
                0x00000000000002dc       0x2a /usr/lib/gcc/arm-none-eabi/8.3.1/../../../arm-none-eabi/lib/libc.a(lib_a-reent.o)
 .ARM.attributes
                0x0000000000000306       0x2a /usr/lib/gcc/arm-none-eabi/8.3.1/../../../arm-none-eabi/lib/libnosys.a(sbrk.o)
 .ARM.attributes
                0x0000000000000330       0x2a /usr/lib/gcc/arm-none-eabi/8.3.1/../../../arm-none-eabi/lib/libnosys.a(_exit.o)
 .ARM.attributes
                0x000000000000035a       0x30 /usr/lib/gcc/arm-none-eabi/8.3.1/crtend.o
 .ARM.attributes
                0x000000000000038a       0x1c /usr/lib/gcc/arm-none-eabi/8.3.1/crtn.o

.comment        0x0000000000000000       0x9f
 .comment       0x0000000000000000       0x51 /usr/lib/gcc/arm-none-eabi/8.3.1/crtbegin.o
                                         0x52 (size before relaxing)
 .comment       0x0000000000000051       0x52 /tmp/ccgZiUUY.o
 .comment       0x0000000000000051       0x52 /tmp/ccFmRqMW.o
 .comment       0x0000000000000051       0x4e /usr/lib/gcc/arm-none-eabi/8.3.1/../../../arm-none-eabi/lib/libc.a(lib_a-atexit.o)
                                         0x4f (size before relaxing)
 .comment       0x000000000000009f       0x4f /usr/lib/gcc/arm-none-eabi/8.3.1/../../../arm-none-eabi/lib/libc.a(lib_a-exit.o)
 .comment       0x000000000000009f       0x4f /usr/lib/gcc/arm-none-eabi/8.3.1/../../../arm-none-eabi/lib/libc.a(lib_a-fini.o)
 .comment       0x000000000000009f       0x4f /usr/lib/gcc/arm-none-eabi/8.3.1/../../../arm-none-eabi/lib/libc.a(lib_a-impure.o)
 .comment       0x000000000000009f       0x4f /usr/lib/gcc/arm-none-eabi/8.3.1/../../../arm-none-eabi/lib/libc.a(lib_a-init.o)
 .comment       0x000000000000009f       0x4f /usr/lib/gcc/arm-none-eabi/8.3.1/../../../arm-none-eabi/lib/libc.a(lib_a-malloc.o)
 .comment       0x000000000000009f       0x4f /usr/lib/gcc/arm-none-eabi/8.3.1/../../../arm-none-eabi/lib/libc.a(lib_a-mallocr.o)
 .comment       0x000000000000009f       0x4f /usr/lib/gcc/arm-none-eabi/8.3.1/../../../arm-none-eabi/lib/libc.a(lib_a-memset.o)
 .comment       0x000000000000009f       0x4f /usr/lib/gcc/arm-none-eabi/8.3.1/../../../arm-none-eabi/lib/libc.a(lib_a-mlock.o)
 .comment       0x000000000000009f       0x4f /usr/lib/gcc/arm-none-eabi/8.3.1/../../../arm-none-eabi/lib/libc.a(lib_a-sbrkr.o)
 .comment       0x000000000000009f       0x4f /usr/lib/gcc/arm-none-eabi/8.3.1/../../../arm-none-eabi/lib/libc.a(lib_a-__atexit.o)
 .comment       0x000000000000009f       0x4f /usr/lib/gcc/arm-none-eabi/8.3.1/../../../arm-none-eabi/lib/libc.a(lib_a-__call_atexit.o)
 .comment       0x000000000000009f       0x4f /usr/lib/gcc/arm-none-eabi/8.3.1/../../../arm-none-eabi/lib/libc.a(lib_a-freer.o)
 .comment       0x000000000000009f       0x4f /usr/lib/gcc/arm-none-eabi/8.3.1/../../../arm-none-eabi/lib/libc.a(lib_a-reent.o)
 .comment       0x000000000000009f       0x4f /usr/lib/gcc/arm-none-eabi/8.3.1/../../../arm-none-eabi/lib/libnosys.a(sbrk.o)
 .comment       0x000000000000009f       0x4f /usr/lib/gcc/arm-none-eabi/8.3.1/../../../arm-none-eabi/lib/libnosys.a(_exit.o)
 .comment       0x000000000000009f       0x52 /usr/lib/gcc/arm-none-eabi/8.3.1/crtend.o

.debug_line     0x0000000000000000     0x2070
 .debug_line    0x0000000000000000       0xa3 /usr/lib/gcc/arm-none-eabi/8.3.1/../../../arm-none-eabi/lib/crt0.o
 .debug_line    0x00000000000000a3      0x14b /usr/lib/gcc/arm-none-eabi/8.3.1/../../../arm-none-eabi/lib/libc.a(lib_a-atexit.o)
 .debug_line    0x00000000000001ee      0x16f /usr/lib/gcc/arm-none-eabi/8.3.1/../../../arm-none-eabi/lib/libc.a(lib_a-exit.o)
 .debug_line    0x000000000000035d       0xc5 /usr/lib/gcc/arm-none-eabi/8.3.1/../../../arm-none-eabi/lib/libc.a(lib_a-fini.o)
 .debug_line    0x0000000000000422       0xda /usr/lib/gcc/arm-none-eabi/8.3.1/../../../arm-none-eabi/lib/libc.a(lib_a-impure.o)
 .debug_line    0x00000000000004fc       0xf6 /usr/lib/gcc/arm-none-eabi/8.3.1/../../../arm-none-eabi/lib/libc.a(lib_a-init.o)
 .debug_line    0x00000000000005f2      0x159 /usr/lib/gcc/arm-none-eabi/8.3.1/../../../arm-none-eabi/lib/libc.a(lib_a-malloc.o)
 .debug_line    0x000000000000074b      0x82a /usr/lib/gcc/arm-none-eabi/8.3.1/../../../arm-none-eabi/lib/libc.a(lib_a-mallocr.o)
 .debug_line    0x0000000000000f75      0x279 /usr/lib/gcc/arm-none-eabi/8.3.1/../../../arm-none-eabi/lib/libc.a(lib_a-memset.o)
 .debug_line    0x00000000000011ee      0x134 /usr/lib/gcc/arm-none-eabi/8.3.1/../../../arm-none-eabi/lib/libc.a(lib_a-mlock.o)
 .debug_line    0x0000000000001322      0x191 /usr/lib/gcc/arm-none-eabi/8.3.1/../../../arm-none-eabi/lib/libc.a(lib_a-sbrkr.o)
 .debug_line    0x00000000000014b3      0x1d3 /usr/lib/gcc/arm-none-eabi/8.3.1/../../../arm-none-eabi/lib/libc.a(lib_a-__atexit.o)
 .debug_line    0x0000000000001686      0x237 /usr/lib/gcc/arm-none-eabi/8.3.1/../../../arm-none-eabi/lib/libc.a(lib_a-__call_atexit.o)
 .debug_line    0x00000000000018bd      0x4d2 /usr/lib/gcc/arm-none-eabi/8.3.1/../../../arm-none-eabi/lib/libc.a(lib_a-freer.o)
 .debug_line    0x0000000000001d8f      0x20c /usr/lib/gcc/arm-none-eabi/8.3.1/../../../arm-none-eabi/lib/libc.a(lib_a-reent.o)
 .debug_line    0x0000000000001f9b       0x70 /usr/lib/gcc/arm-none-eabi/8.3.1/../../../arm-none-eabi/lib/libnosys.a(sbrk.o)
 .debug_line    0x000000000000200b       0x65 /usr/lib/gcc/arm-none-eabi/8.3.1/../../../arm-none-eabi/lib/libnosys.a(_exit.o)

.debug_info     0x0000000000000000     0x87ef
 .debug_info    0x0000000000000000       0x26 /usr/lib/gcc/arm-none-eabi/8.3.1/../../../arm-none-eabi/lib/crt0.o
 .debug_info    0x0000000000000026      0x995 /usr/lib/gcc/arm-none-eabi/8.3.1/../../../arm-none-eabi/lib/libc.a(lib_a-atexit.o)
 .debug_info    0x00000000000009bb      0x9d0 /usr/lib/gcc/arm-none-eabi/8.3.1/../../../arm-none-eabi/lib/libc.a(lib_a-exit.o)
 .debug_info    0x000000000000138b      0x102 /usr/lib/gcc/arm-none-eabi/8.3.1/../../../arm-none-eabi/lib/libc.a(lib_a-fini.o)
 .debug_info    0x000000000000148d      0x92a /usr/lib/gcc/arm-none-eabi/8.3.1/../../../arm-none-eabi/lib/libc.a(lib_a-impure.o)
 .debug_info    0x0000000000001db7      0x11a /usr/lib/gcc/arm-none-eabi/8.3.1/../../../arm-none-eabi/lib/libc.a(lib_a-init.o)
 .debug_info    0x0000000000001ed1      0x9b6 /usr/lib/gcc/arm-none-eabi/8.3.1/../../../arm-none-eabi/lib/libc.a(lib_a-malloc.o)
 .debug_info    0x0000000000002887      0xf28 /usr/lib/gcc/arm-none-eabi/8.3.1/../../../arm-none-eabi/lib/libc.a(lib_a-mallocr.o)
 .debug_info    0x00000000000037af      0xf21 /usr/lib/gcc/arm-none-eabi/8.3.1/../../../arm-none-eabi/lib/libc.a(lib_a-memset.o)
 .debug_info    0x00000000000046d0      0x961 /usr/lib/gcc/arm-none-eabi/8.3.1/../../../arm-none-eabi/lib/libc.a(lib_a-mlock.o)
 .debug_info    0x0000000000005031      0x9fb /usr/lib/gcc/arm-none-eabi/8.3.1/../../../arm-none-eabi/lib/libc.a(lib_a-sbrkr.o)
 .debug_info    0x0000000000005a2c      0x9d5 /usr/lib/gcc/arm-none-eabi/8.3.1/../../../arm-none-eabi/lib/libc.a(lib_a-__atexit.o)
 .debug_info    0x0000000000006401      0xa52 /usr/lib/gcc/arm-none-eabi/8.3.1/../../../arm-none-eabi/lib/libc.a(lib_a-__call_atexit.o)
 .debug_info    0x0000000000006e53      0xd99 /usr/lib/gcc/arm-none-eabi/8.3.1/../../../arm-none-eabi/lib/libc.a(lib_a-freer.o)
 .debug_info    0x0000000000007bec      0xac3 /usr/lib/gcc/arm-none-eabi/8.3.1/../../../arm-none-eabi/lib/libc.a(lib_a-reent.o)
 .debug_info    0x00000000000086af       0x9d /usr/lib/gcc/arm-none-eabi/8.3.1/../../../arm-none-eabi/lib/libnosys.a(sbrk.o)
 .debug_info    0x000000000000874c       0xa3 /usr/lib/gcc/arm-none-eabi/8.3.1/../../../arm-none-eabi/lib/libnosys.a(_exit.o)

.debug_abbrev   0x0000000000000000     0x1eea
 .debug_abbrev  0x0000000000000000       0x14 /usr/lib/gcc/arm-none-eabi/8.3.1/../../../arm-none-eabi/lib/crt0.o
 .debug_abbrev  0x0000000000000014      0x22f /usr/lib/gcc/arm-none-eabi/8.3.1/../../../arm-none-eabi/lib/libc.a(lib_a-atexit.o)
 .debug_abbrev  0x0000000000000243      0x21f /usr/lib/gcc/arm-none-eabi/8.3.1/../../../arm-none-eabi/lib/libc.a(lib_a-exit.o)
 .debug_abbrev  0x0000000000000462       0xcc /usr/lib/gcc/arm-none-eabi/8.3.1/../../../arm-none-eabi/lib/libc.a(lib_a-fini.o)
 .debug_abbrev  0x000000000000052e      0x1b8 /usr/lib/gcc/arm-none-eabi/8.3.1/../../../arm-none-eabi/lib/libc.a(lib_a-impure.o)
 .debug_abbrev  0x00000000000006e6       0xcc /usr/lib/gcc/arm-none-eabi/8.3.1/../../../arm-none-eabi/lib/libc.a(lib_a-init.o)
 .debug_abbrev  0x00000000000007b2      0x22d /usr/lib/gcc/arm-none-eabi/8.3.1/../../../arm-none-eabi/lib/libc.a(lib_a-malloc.o)
 .debug_abbrev  0x00000000000009df      0x32a /usr/lib/gcc/arm-none-eabi/8.3.1/../../../arm-none-eabi/lib/libc.a(lib_a-mallocr.o)
 .debug_abbrev  0x0000000000000d09      0x217 /usr/lib/gcc/arm-none-eabi/8.3.1/../../../arm-none-eabi/lib/libc.a(lib_a-memset.o)
 .debug_abbrev  0x0000000000000f20      0x203 /usr/lib/gcc/arm-none-eabi/8.3.1/../../../arm-none-eabi/lib/libc.a(lib_a-mlock.o)
 .debug_abbrev  0x0000000000001123      0x250 /usr/lib/gcc/arm-none-eabi/8.3.1/../../../arm-none-eabi/lib/libc.a(lib_a-sbrkr.o)
 .debug_abbrev  0x0000000000001373      0x252 /usr/lib/gcc/arm-none-eabi/8.3.1/../../../arm-none-eabi/lib/libc.a(lib_a-__atexit.o)
 .debug_abbrev  0x00000000000015c5      0x2a6 /usr/lib/gcc/arm-none-eabi/8.3.1/../../../arm-none-eabi/lib/libc.a(lib_a-__call_atexit.o)
 .debug_abbrev  0x000000000000186b      0x2b9 /usr/lib/gcc/arm-none-eabi/8.3.1/../../../arm-none-eabi/lib/libc.a(lib_a-freer.o)
 .debug_abbrev  0x0000000000001b24      0x2ba /usr/lib/gcc/arm-none-eabi/8.3.1/../../../arm-none-eabi/lib/libc.a(lib_a-reent.o)
 .debug_abbrev  0x0000000000001dde       0xa2 /usr/lib/gcc/arm-none-eabi/8.3.1/../../../arm-none-eabi/lib/libnosys.a(sbrk.o)
 .debug_abbrev  0x0000000000001e80       0x6a /usr/lib/gcc/arm-none-eabi/8.3.1/../../../arm-none-eabi/lib/libnosys.a(_exit.o)

.debug_aranges  0x0000000000000000      0x220
 .debug_aranges
                0x0000000000000000       0x20 /usr/lib/gcc/arm-none-eabi/8.3.1/../../../arm-none-eabi/lib/crt0.o
 .debug_aranges
                0x0000000000000020       0x20 /usr/lib/gcc/arm-none-eabi/8.3.1/../../../arm-none-eabi/lib/libc.a(lib_a-atexit.o)
 .debug_aranges
                0x0000000000000040       0x20 /usr/lib/gcc/arm-none-eabi/8.3.1/../../../arm-none-eabi/lib/libc.a(lib_a-exit.o)
 .debug_aranges
                0x0000000000000060       0x20 /usr/lib/gcc/arm-none-eabi/8.3.1/../../../arm-none-eabi/lib/libc.a(lib_a-fini.o)
 .debug_aranges
                0x0000000000000080       0x18 /usr/lib/gcc/arm-none-eabi/8.3.1/../../../arm-none-eabi/lib/libc.a(lib_a-impure.o)
 .debug_aranges
                0x0000000000000098       0x20 /usr/lib/gcc/arm-none-eabi/8.3.1/../../../arm-none-eabi/lib/libc.a(lib_a-init.o)
 .debug_aranges
                0x00000000000000b8       0x20 /usr/lib/gcc/arm-none-eabi/8.3.1/../../../arm-none-eabi/lib/libc.a(lib_a-malloc.o)
 .debug_aranges
                0x00000000000000d8       0x20 /usr/lib/gcc/arm-none-eabi/8.3.1/../../../arm-none-eabi/lib/libc.a(lib_a-mallocr.o)
 .debug_aranges
                0x00000000000000f8       0x20 /usr/lib/gcc/arm-none-eabi/8.3.1/../../../arm-none-eabi/lib/libc.a(lib_a-memset.o)
 .debug_aranges
                0x0000000000000118       0x20 /usr/lib/gcc/arm-none-eabi/8.3.1/../../../arm-none-eabi/lib/libc.a(lib_a-mlock.o)
 .debug_aranges
                0x0000000000000138       0x20 /usr/lib/gcc/arm-none-eabi/8.3.1/../../../arm-none-eabi/lib/libc.a(lib_a-sbrkr.o)
 .debug_aranges
                0x0000000000000158       0x20 /usr/lib/gcc/arm-none-eabi/8.3.1/../../../arm-none-eabi/lib/libc.a(lib_a-__atexit.o)
 .debug_aranges
                0x0000000000000178       0x28 /usr/lib/gcc/arm-none-eabi/8.3.1/../../../arm-none-eabi/lib/libc.a(lib_a-__call_atexit.o)
 .debug_aranges
                0x00000000000001a0       0x20 /usr/lib/gcc/arm-none-eabi/8.3.1/../../../arm-none-eabi/lib/libc.a(lib_a-freer.o)
 .debug_aranges
                0x00000000000001c0       0x20 /usr/lib/gcc/arm-none-eabi/8.3.1/../../../arm-none-eabi/lib/libc.a(lib_a-reent.o)
 .debug_aranges
                0x00000000000001e0       0x20 /usr/lib/gcc/arm-none-eabi/8.3.1/../../../arm-none-eabi/lib/libnosys.a(sbrk.o)
 .debug_aranges
                0x0000000000000200       0x20 /usr/lib/gcc/arm-none-eabi/8.3.1/../../../arm-none-eabi/lib/libnosys.a(_exit.o)

.debug_str      0x0000000000000000     0x1019
 .debug_str     0x0000000000000000       0x7e /usr/lib/gcc/arm-none-eabi/8.3.1/../../../arm-none-eabi/lib/crt0.o
 .debug_str     0x000000000000007e      0x531 /usr/lib/gcc/arm-none-eabi/8.3.1/../../../arm-none-eabi/lib/libc.a(lib_a-atexit.o)
                                        0x5c5 (size before relaxing)
 .debug_str     0x00000000000005af       0x6b /usr/lib/gcc/arm-none-eabi/8.3.1/../../../arm-none-eabi/lib/libc.a(lib_a-exit.o)
                                        0x5c6 (size before relaxing)
 .debug_str     0x000000000000061a       0xab /usr/lib/gcc/arm-none-eabi/8.3.1/../../../arm-none-eabi/lib/libc.a(lib_a-fini.o)
                                        0x1d4 (size before relaxing)
 .debug_str     0x00000000000006c5       0x7e /usr/lib/gcc/arm-none-eabi/8.3.1/../../../arm-none-eabi/lib/libc.a(lib_a-impure.o)
                                        0x57a (size before relaxing)
 .debug_str     0x0000000000000743       0x8d /usr/lib/gcc/arm-none-eabi/8.3.1/../../../arm-none-eabi/lib/libc.a(lib_a-init.o)
                                        0x1fe (size before relaxing)
 .debug_str     0x00000000000007d0       0x4e /usr/lib/gcc/arm-none-eabi/8.3.1/../../../arm-none-eabi/lib/libc.a(lib_a-malloc.o)
                                        0x5ab (size before relaxing)
 .debug_str     0x000000000000081e      0x22b /usr/lib/gcc/arm-none-eabi/8.3.1/../../../arm-none-eabi/lib/libc.a(lib_a-mallocr.o)
                                        0x7e2 (size before relaxing)
 .debug_str     0x0000000000000a49      0x2fa /usr/lib/gcc/arm-none-eabi/8.3.1/../../../arm-none-eabi/lib/libc.a(lib_a-memset.o)
                                        0x8a7 (size before relaxing)
 .debug_str     0x0000000000000d43       0x43 /usr/lib/gcc/arm-none-eabi/8.3.1/../../../arm-none-eabi/lib/libc.a(lib_a-mlock.o)
                                        0x5a6 (size before relaxing)
 .debug_str     0x0000000000000d86       0x3e /usr/lib/gcc/arm-none-eabi/8.3.1/../../../arm-none-eabi/lib/libc.a(lib_a-sbrkr.o)
                                        0x5bd (size before relaxing)
 .debug_str     0x0000000000000dc4       0x4b /usr/lib/gcc/arm-none-eabi/8.3.1/../../../arm-none-eabi/lib/libc.a(lib_a-__atexit.o)
                                        0x5e3 (size before relaxing)
 .debug_str     0x0000000000000e0f       0x5a /usr/lib/gcc/arm-none-eabi/8.3.1/../../../arm-none-eabi/lib/libc.a(lib_a-__call_atexit.o)
                                        0x5f6 (size before relaxing)
 .debug_str     0x0000000000000e69       0x34 /usr/lib/gcc/arm-none-eabi/8.3.1/../../../arm-none-eabi/lib/libc.a(lib_a-freer.o)
                                        0x75b (size before relaxing)
 .debug_str     0x0000000000000e9d       0x55 /usr/lib/gcc/arm-none-eabi/8.3.1/../../../arm-none-eabi/lib/libc.a(lib_a-reent.o)
                                        0x5b6 (size before relaxing)
 .debug_str     0x0000000000000ef2      0x101 /usr/lib/gcc/arm-none-eabi/8.3.1/../../../arm-none-eabi/lib/libnosys.a(sbrk.o)
                                        0x11a (size before relaxing)
 .debug_str     0x0000000000000ff3       0x26 /usr/lib/gcc/arm-none-eabi/8.3.1/../../../arm-none-eabi/lib/libnosys.a(_exit.o)
                                        0x18a (size before relaxing)

.debug_loc      0x0000000000000000     0x1c6a
 .debug_loc     0x0000000000000000       0x32 /usr/lib/gcc/arm-none-eabi/8.3.1/../../../arm-none-eabi/lib/libc.a(lib_a-atexit.o)
 .debug_loc     0x0000000000000032       0x22 /usr/lib/gcc/arm-none-eabi/8.3.1/../../../arm-none-eabi/lib/libc.a(lib_a-exit.o)
 .debug_loc     0x0000000000000054       0x68 /usr/lib/gcc/arm-none-eabi/8.3.1/../../../arm-none-eabi/lib/libc.a(lib_a-fini.o)
 .debug_loc     0x00000000000000bc       0xba /usr/lib/gcc/arm-none-eabi/8.3.1/../../../arm-none-eabi/lib/libc.a(lib_a-init.o)
 .debug_loc     0x0000000000000176       0x64 /usr/lib/gcc/arm-none-eabi/8.3.1/../../../arm-none-eabi/lib/libc.a(lib_a-malloc.o)
 .debug_loc     0x00000000000001da      0xd17 /usr/lib/gcc/arm-none-eabi/8.3.1/../../../arm-none-eabi/lib/libc.a(lib_a-mallocr.o)
 .debug_loc     0x0000000000000ef1      0x2a5 /usr/lib/gcc/arm-none-eabi/8.3.1/../../../arm-none-eabi/lib/libc.a(lib_a-memset.o)
 .debug_loc     0x0000000000001196       0x89 /usr/lib/gcc/arm-none-eabi/8.3.1/../../../arm-none-eabi/lib/libc.a(lib_a-sbrkr.o)
 .debug_loc     0x000000000000121f      0x12b /usr/lib/gcc/arm-none-eabi/8.3.1/../../../arm-none-eabi/lib/libc.a(lib_a-__atexit.o)
 .debug_loc     0x000000000000134a      0x1b3 /usr/lib/gcc/arm-none-eabi/8.3.1/../../../arm-none-eabi/lib/libc.a(lib_a-__call_atexit.o)
 .debug_loc     0x00000000000014fd      0x5df /usr/lib/gcc/arm-none-eabi/8.3.1/../../../arm-none-eabi/lib/libc.a(lib_a-freer.o)
 .debug_loc     0x0000000000001adc      0x13b /usr/lib/gcc/arm-none-eabi/8.3.1/../../../arm-none-eabi/lib/libc.a(lib_a-reent.o)
 .debug_loc     0x0000000000001c17       0x3e /usr/lib/gcc/arm-none-eabi/8.3.1/../../../arm-none-eabi/lib/libnosys.a(sbrk.o)
 .debug_loc     0x0000000000001c55       0x15 /usr/lib/gcc/arm-none-eabi/8.3.1/../../../arm-none-eabi/lib/libnosys.a(_exit.o)

.debug_frame    0x0000000000000000      0x3e0
 .debug_frame   0x0000000000000000       0x2c /usr/lib/gcc/arm-none-eabi/8.3.1/../../../arm-none-eabi/lib/libc.a(lib_a-atexit.o)
 .debug_frame   0x000000000000002c       0x28 /usr/lib/gcc/arm-none-eabi/8.3.1/../../../arm-none-eabi/lib/libc.a(lib_a-exit.o)
 .debug_frame   0x0000000000000054       0x34 /usr/lib/gcc/arm-none-eabi/8.3.1/../../../arm-none-eabi/lib/libc.a(lib_a-fini.o)
 .debug_frame   0x0000000000000088       0x34 /usr/lib/gcc/arm-none-eabi/8.3.1/../../../arm-none-eabi/lib/libc.a(lib_a-init.o)
 .debug_frame   0x00000000000000bc       0x48 /usr/lib/gcc/arm-none-eabi/8.3.1/../../../arm-none-eabi/lib/libc.a(lib_a-malloc.o)
 .debug_frame   0x0000000000000104       0x70 /usr/lib/gcc/arm-none-eabi/8.3.1/../../../arm-none-eabi/lib/libc.a(lib_a-mallocr.o)
 .debug_frame   0x0000000000000174       0x48 /usr/lib/gcc/arm-none-eabi/8.3.1/../../../arm-none-eabi/lib/libc.a(lib_a-memset.o)
 .debug_frame   0x00000000000001bc       0x30 /usr/lib/gcc/arm-none-eabi/8.3.1/../../../arm-none-eabi/lib/libc.a(lib_a-mlock.o)
 .debug_frame   0x00000000000001ec       0x3c /usr/lib/gcc/arm-none-eabi/8.3.1/../../../arm-none-eabi/lib/libc.a(lib_a-sbrkr.o)
 .debug_frame   0x0000000000000228       0x38 /usr/lib/gcc/arm-none-eabi/8.3.1/../../../arm-none-eabi/lib/libc.a(lib_a-__atexit.o)
 .debug_frame   0x0000000000000260       0x68 /usr/lib/gcc/arm-none-eabi/8.3.1/../../../arm-none-eabi/lib/libc.a(lib_a-__call_atexit.o)
 .debug_frame   0x00000000000002c8       0x74 /usr/lib/gcc/arm-none-eabi/8.3.1/../../../arm-none-eabi/lib/libc.a(lib_a-freer.o)
 .debug_frame   0x000000000000033c       0x64 /usr/lib/gcc/arm-none-eabi/8.3.1/../../../arm-none-eabi/lib/libc.a(lib_a-reent.o)
 .debug_frame   0x00000000000003a0       0x20 /usr/lib/gcc/arm-none-eabi/8.3.1/../../../arm-none-eabi/lib/libnosys.a(sbrk.o)
 .debug_frame   0x00000000000003c0       0x20 /usr/lib/gcc/arm-none-eabi/8.3.1/../../../arm-none-eabi/lib/libnosys.a(_exit.o)

.debug_ranges   0x0000000000000000       0x88
 .debug_ranges  0x0000000000000000       0x30 /usr/lib/gcc/arm-none-eabi/8.3.1/../../../arm-none-eabi/lib/libc.a(lib_a-mallocr.o)
 .debug_ranges  0x0000000000000030       0x58 /usr/lib/gcc/arm-none-eabi/8.3.1/../../../arm-none-eabi/lib/libc.a(lib_a-__call_atexit.o)
